// Jest Snapshot v1, https://goo.gl/fbAQLP

exports[`user filling the signup form 1`] = `
"Snapshot Diff:
- First value
+ Second value

@@ -7,11 +7,11 @@
         
        <span>
          <form>
            <span>
              <div
-               class=\\"v-input theme--light v-text-field\\"
+               class=\\"v-input v-input--is-label-active v-input--is-dirty theme--light v-text-field v-text-field--is-booted\\"
              >
                <div
                  class=\\"v-input__control\\"
                >
                  <div
@@ -19,11 +19,11 @@
                  >
                    <div
                      class=\\"v-text-field__slot\\"
                    >
                      <label
-                       class=\\"v-label theme--light\\"
+                       class=\\"v-label v-label--active theme--light\\"
                        for=\\"input-11\\"
                        style=\\"left: 0px; position: absolute;\\"
                      >
                        First name
                      </label>
@@ -47,20 +47,20 @@
                      />
                    </div>
                    <div
                      class=\\"v-counter theme--light\\"
                    >
-                     0 / 30
+                     4 / 30
                    </div>
                  </div>
                </div>
              </div>
            </span>
             
            <span>
              <div
-               class=\\"v-input theme--light v-text-field\\"
+               class=\\"v-input theme--light v-text-field v-text-field--is-booted\\"
              >
                <div
                  class=\\"v-input__control\\"
                >
                  <div
@@ -105,11 +105,11 @@
              </div>
            </span>
             
            <span>
              <div
-               class=\\"v-input theme--light v-text-field\\"
+               class=\\"v-input v-input--is-label-active v-input--is-dirty theme--light v-text-field v-text-field--is-booted\\"
              >
                <div
                  class=\\"v-input__control\\"
                >
                  <div
@@ -117,11 +117,11 @@
                  >
                    <div
                      class=\\"v-text-field__slot\\"
                    >
                      <label
-                       class=\\"v-label theme--light\\"
+                       class=\\"v-label v-label--active theme--light\\"
                        for=\\"input-19\\"
                        style=\\"left: 0px; position: absolute;\\"
                      >
                        E-mail
                      </label>
@@ -168,11 +168,11 @@
                >
                  <span
                    class=\\"vti__selection\\"
                  >
                    <div
-                     class=\\"vti__flag\\"
+                     class=\\"vti__flag id\\"
                    />
                     
                    <!---->
                     
                    <span
@@ -4341,11 +4341,11 @@
                  autocomplete=\\"on\\"
                  class=\\"vti__input\\"
                  id=\\"telInput0\\"
                  maxlength=\\"25\\"
                  name=\\"telephone\\"
-                 placeholder=\\"\\"
+                 placeholder=\\"+62 812-345-678\\"
                  tabindex=\\"0\\"
                  type=\\"tel\\"
                />
              </div>
               
@@ -4356,11 +4356,11 @@
              </p>
            </div>
             
            <span>
              <div
-               class=\\"v-input theme--light v-text-field\\"
+               class=\\"v-input v-input--is-label-active v-input--is-dirty theme--light v-text-field v-text-field--is-booted\\"
              >
                <div
                  class=\\"v-input__control\\"
                >
                  <div
@@ -4368,11 +4368,11 @@
                  >
                    <div
                      class=\\"v-text-field__slot\\"
                    >
                      <label
-                       class=\\"v-label theme--light\\"
+                       class=\\"v-label v-label--active theme--light\\"
                        for=\\"input-25\\"
                        style=\\"left: 0px; position: absolute;\\"
                      >
                        Password
                      </label>
@@ -4397,20 +4397,20 @@
                      />
                    </div>
                    <div
                      class=\\"v-counter theme--light\\"
                    >
-                     0 / 10
+                     9 / 10
                    </div>
                  </div>
                </div>
              </div>
            </span>
             
            <span>
              <div
-               class=\\"v-input theme--light v-text-field\\"
+               class=\\"v-input v-input--is-label-active v-input--is-dirty theme--light v-text-field v-text-field--is-booted\\"
              >
                <div
                  class=\\"v-input__control\\"
                >
                  <div
@@ -4418,11 +4418,11 @@
                  >
                    <div
                      class=\\"v-text-field__slot\\"
                    >
                      <label
-                       class=\\"v-label theme--light\\"
+                       class=\\"v-label v-label--active theme--light\\"
                        for=\\"input-29\\"
                        style=\\"left: 0px; position: absolute;\\"
                      >
                        Confirm Password
                      </label>
@@ -4447,11 +4447,11 @@
                      />
                    </div>
                    <div
                      class=\\"v-counter theme--light\\"
                    >
-                     0 / 10
+                     9 / 10
                    </div>
                  </div>
                </div>
              </div>
            </span>
@@ -4504,12 +4504,11 @@
                </div>
              </div>
            </span>
             
            <button
-             class=\\"mr-4 v-btn v-btn--disabled v-btn--has-bg theme--light v-size--default\\"
-             disabled=\\"disabled\\"
+             class=\\"mr-4 v-btn v-btn--is-elevated v-btn--has-bg theme--light v-size--default\\"
              type=\\"submit\\"
            >
              <span
                class=\\"v-btn__content\\"
              >"
`;
